---
source: src/tests/can_have_strflush.rs
expression: nr
---
(
    0,
    StraightFlush,
)
